
> personal-blog-application@0.1.0 build
> next build

Γû▓ Next.js 16.1.6 (Turbopack)

  Creating an optimized production build ...
node.exe : 
At line:1 char:1
+ & "C:\Program Files
\nodejs/node.exe" 
"C:\Program 
Files\nodejs/node_mo 
...
+ ~~~~~~~~~~~~~~~~~~~
~~~~~~~~~~~~~~~~~~~~~
~~~~~~~~~~~~~~~~~~~~~
~~~~~~~~
    + CategoryInfo   
           : NotSpe  
  cified: (:String   
 ) [], RemoteExce    
ption
    + FullyQualified 
   ErrorId : Native  
  CommandError
 
> Build error 
occurred
Error: Turbopack 
build failed with 1 
errors:
./src/app/globals.css
Error evaluating 
Node.js code
CssSyntaxError: D:\pe
rsonal-blog-applicati
on\src\app\globals.cs
s:127:5: The 
`bg-card/80` class 
does not exist. If 
`bg-card/80` is a 
custom class, make 
sure it is defined 
within a `@layer` 
directive.
    at Input.error (n
ode_modules/postcss/l
ib/input.js:135:16) [
D:\personal-blog-appl
ication\.next\build\c
hunks\node_modules_fe
693df6._.js:4651:22]
    at AtRule.error (
node_modules/postcss/
lib/node.js:146:32) [
D:\personal-blog-appl
ication\.next\build\c
hunks\node_modules_fe
693df6._.js:928:38]
    [at processApply 
(D:\personal-blog-app
lication\node_modules
\tailwindcss\lib\lib\
expandApplyAtRules.js
:380:29)]
    [at D:\personal-b
log-application\node_
modules\tailwindcss\l
ib\lib\expandApplyAtR
ules.js:551:9]
    [at D:\personal-b
log-application\node_
modules\tailwindcss\l
ib\processTailwindFea
tures.js:55:50]
    [at async 
plugins (D:\personal-
blog-application\node
_modules\tailwindcss\
lib\plugin.js:38:17)]
    at async 
LazyResult.runAsync (
node_modules/postcss/
lib/lazy-result.js:29
3:11) [D:\personal-bl
og-application\.next\
build\chunks\node_mod
ules_fe693df6._.js:62
06:21]
    at async 
transform (turbopack:
///[turbopack-node]/t
ransforms/postcss.ts:
70:34) [D:\personal-b
log-application\.next
\build\chunks\[root-o
f-the-server]__51225d
af._.js:147:36]
    at async run (tur
bopack:///[turbopack-
node]/ipc/evaluate.ts
:92:23) [D:\personal-
blog-application\.nex
t\build\chunks\[root-
of-the-server]__97494
1ed._.js:443:31]

Import trace:
  Client Component 
Browser:
    ./src/app/globals
.css [Client 
Component Browser]
    
./src/app/layout.tsx 
[Server Component]


    at async 
transform (turbopack:
///[turbopack-node]/t
ransforms/postcss.ts:
70:34) [D:\personal-b
log-application\.next
\build\chunks\[root-o
f-the-server]__51225d
af._.js:147:36])
    at async run (tur
bopack:///[turbopack-
node]/ipc/evaluate.ts
:92:23) [D:\personal-
blog-application\.nex
t\build\chunks\[root-
of-the-server]__97494
1ed._.js:443:31])
